// Jest Snapshot v1, https://goo.gl/fbAQLP

exports[`renders page correctly 1`] = `
<button
  className="Button"
  onClick={[Function]}
>
  Button Text
</button>
`;
