// Jest Snapshot v1, https://goo.gl/fbAQLP

exports[`renders component correctly 1`] = `
<div
  className="Login"
>
  <p
    className="Login__intro"
  >
    Take a deep dive into your soul ...
  </p>
  <Eyes />
  <p
    className="Login__intro"
  >
    ... I mean musical Soul
  </p>
  <Button
    text="Login with Spotify"
  />
</div>
`;
