// Jest Snapshot v1, https://goo.gl/fbAQLP

exports[`should render the component correctly 1`] = `
ShallowWrapper {
  "length": 1,
  Symbol(enzyme.__root__): [Circular],
  Symbol(enzyme.__unrendered__): <TopTen
    artists={Array []}
    tracks={Array []}
/>,
  Symbol(enzyme.__renderer__): Object {
    "batchedUpdates": [Function],
    "getNode": [Function],
    "render": [Function],
    "simulateEvent": [Function],
    "unmount": [Function],
  },
  Symbol(enzyme.__node__): Object {
    "instance": null,
    "key": undefined,
    "nodeType": "host",
    "props": Object {
      "children": Array [
        <h2
          className="TopTen__title"
>
          Your Top 10
</h2>,
        <h3
          className="TopTen__sub-title"
>
          Top 10 Tracks
</h3>,
        <List
          items={Array []}
/>,
        <h3
          className="TopTen__sub-title"
>
          Top 10 Artists
</h3>,
        <List
          items={Array []}
/>,
      ],
      "className": "TopTen",
    },
    "ref": null,
    "rendered": Array [
      Object {
        "instance": null,
        "key": undefined,
        "nodeType": "host",
        "props": Object {
          "children": "Your Top 10",
          "className": "TopTen__title",
        },
        "ref": null,
        "rendered": "Your Top 10",
        "type": "h2",
      },
      Object {
        "instance": null,
        "key": undefined,
        "nodeType": "host",
        "props": Object {
          "children": "Top 10 Tracks",
          "className": "TopTen__sub-title",
        },
        "ref": null,
        "rendered": "Top 10 Tracks",
        "type": "h3",
      },
      Object {
        "instance": null,
        "key": undefined,
        "nodeType": "function",
        "props": Object {
          "items": Array [],
        },
        "ref": null,
        "rendered": null,
        "type": [Function],
      },
      Object {
        "instance": null,
        "key": undefined,
        "nodeType": "host",
        "props": Object {
          "children": "Top 10 Artists",
          "className": "TopTen__sub-title",
        },
        "ref": null,
        "rendered": "Top 10 Artists",
        "type": "h3",
      },
      Object {
        "instance": null,
        "key": undefined,
        "nodeType": "function",
        "props": Object {
          "items": Array [],
        },
        "ref": null,
        "rendered": null,
        "type": [Function],
      },
    ],
    "type": "div",
  },
  Symbol(enzyme.__nodes__): Array [
    Object {
      "instance": null,
      "key": undefined,
      "nodeType": "host",
      "props": Object {
        "children": Array [
          <h2
            className="TopTen__title"
>
            Your Top 10
</h2>,
          <h3
            className="TopTen__sub-title"
>
            Top 10 Tracks
</h3>,
          <List
            items={Array []}
/>,
          <h3
            className="TopTen__sub-title"
>
            Top 10 Artists
</h3>,
          <List
            items={Array []}
/>,
        ],
        "className": "TopTen",
      },
      "ref": null,
      "rendered": Array [
        Object {
          "instance": null,
          "key": undefined,
          "nodeType": "host",
          "props": Object {
            "children": "Your Top 10",
            "className": "TopTen__title",
          },
          "ref": null,
          "rendered": "Your Top 10",
          "type": "h2",
        },
        Object {
          "instance": null,
          "key": undefined,
          "nodeType": "host",
          "props": Object {
            "children": "Top 10 Tracks",
            "className": "TopTen__sub-title",
          },
          "ref": null,
          "rendered": "Top 10 Tracks",
          "type": "h3",
        },
        Object {
          "instance": null,
          "key": undefined,
          "nodeType": "function",
          "props": Object {
            "items": Array [],
          },
          "ref": null,
          "rendered": null,
          "type": [Function],
        },
        Object {
          "instance": null,
          "key": undefined,
          "nodeType": "host",
          "props": Object {
            "children": "Top 10 Artists",
            "className": "TopTen__sub-title",
          },
          "ref": null,
          "rendered": "Top 10 Artists",
          "type": "h3",
        },
        Object {
          "instance": null,
          "key": undefined,
          "nodeType": "function",
          "props": Object {
            "items": Array [],
          },
          "ref": null,
          "rendered": null,
          "type": [Function],
        },
      ],
      "type": "div",
    },
  ],
  Symbol(enzyme.__options__): Object {
    "adapter": ReactSixteenAdapter {
      "options": Object {
        "enableComponentDidUpdateOnSetState": true,
      },
    },
  },
}
`;
